Microsoft Windows [°æ±¾ 10.0.14393]
(c) 2016 Microsoft Corporation¡£±£ÁôËùÓÐÈ¨Àû¡£

C:\Windows\system32> node -v
v10.16.0

C:\Windows\system32>npm -v
6.9.0

C:\Windows\system32>
C:\Windows\system32>
C:\Windows\system32>npm install -g cnpm --registry=https://registry.npm.taobao.org
C:\Users\ASUS\AppData\Roaming\npm\cnpm -> C:\Users\ASUS\AppData\Roaming\npm\node_modules\cnpm\bin\cnpm
+ cnpm@6.1.0
added 682 packages from 900 contributors in 74.345s

C:\Windows\system32>
C:\Windows\system32>
C:\Windows\system32>cnpm
Usage: cnpm [option] <command>
Help: http://cnpmjs.org/help/cnpm

  Extend command
    web                            open cnpm web (ex.: cnpm web)
    check [ingoreupdate]           check project dependencies, add ignoreupdate will not check modules' latest version(ex.: cnpm check, cnpm check -i)
    doc [moduleName]               open document page (ex.: cnpm doc urllib)
    sync [moduleName]              sync module from source npm (ex.: cnpm sync urllib)
    user [username]                open user profile page (ex.: cnpm user fengmk2)

  npm command use --registry=https://r.npm.taobao.org
    where <command> is one of:
    add-user, adduser, apihelp, author, bin, bugs, c, cache,
    completion, config, ddp, dedupe, deprecate, docs, edit,
    explore, faq, find, find-dupes, get, help, help-search,
    home, i, info, init, install, isntall, la, link, list, ll,
    ln, login, ls, outdated, owner, pack, prefix, prune,
    publish, r, rb, rebuild, remove, restart, rm, root,
    run-script, s, se, search, set, show, shrinkwrap, star,
    start, stop, submodule, tag, test, tst, un, uninstall,
    unlink, unpublish, unstar, up, update, v, version, view,
    whoami
      npm <cmd> -h     quick help on <cmd>
      npm -l           display full usage info
      npm faq          commonly asked questions
      npm help <term>  search for help on <term>
      npm help npm     involved overview

      Specify configs in the ini-formatted file:
          C:\Users\ASUS\.cnpmrc
      or on the command line via: npm <command> --key value
      Config info can be viewed via: npm help config

C:\Windows\system32>
C:\Windows\system32>cnpm -v
cnpm@6.1.0 (C:\Users\ASUS\AppData\Roaming\npm\node_modules\cnpm\lib\parse_argv.js)
npm@6.9.2 (C:\Users\ASUS\AppData\Roaming\npm\node_modules\cnpm\node_modules\npm\lib\npm.js)
node@10.16.0 (D:\program\Nodejs\anzhuang\node.exe)
npminstall@3.22.1 (C:\Users\ASUS\AppData\Roaming\npm\node_modules\cnpm\node_modules\npminstall\lib\index.js)
prefix=C:\Users\ASUS\AppData\Roaming\npm
win32 x64 10.0.14393
registry=https://r.npm.taobao.org

C:\Windows\system32>
C:\Windows\system32>
C:\Windows\system32>
C:\Windows\system32>
C:\Windows\system32>cnpm install -g hexo-cli
Downloading hexo-cli to C:\Users\ASUS\AppData\Roaming\npm\node_modules\hexo-cli_tmp
Copying C:\Users\ASUS\AppData\Roaming\npm\node_modules\hexo-cli_tmp\_hexo-cli@2.0.0@hexo-cli to C:\Users\ASUS\AppData\Roaming\npm\node_modules\hexo-cli
Installing hexo-cli's dependencies to C:\Users\ASUS\AppData\Roaming\npm\node_modules\hexo-cli/node_modules
[1/11] abbrev@^1.1.1 installed at node_modules\_abbrev@1.1.1@abbrev
[2/11] minimist@^1.2.0 installed at node_modules\_minimist@1.2.0@minimist
[3/11] command-exists@^1.2.8 installed at node_modules\_command-exists@1.2.8@command-exists
[4/11] acorn@^6.1.1 installed at node_modules\_acorn@6.1.1@acorn
[5/11] tildify@^1.2.0 installed at node_modules\_tildify@1.2.0@tildify
[6/11] bluebird@^3.5.3 installed at node_modules\_bluebird@3.5.5@bluebird
[7/11] resolve@^1.10.0 installed at node_modules\_resolve@1.11.1@resolve
[8/11] chalk@^2.4.2 installed at node_modules\_chalk@2.4.2@chalk
[9/11] hexo-util@^0.6.3 installed at node_modules\_hexo-util@0.6.3@hexo-util
[10/11] hexo-log@^0.2.0 installed at node_modules\_hexo-log@0.2.0@hexo-log
fsevents@1.2.9 download from binary mirror: {"module_name":"fse","module_path":"./lib/binding/{configuration}/{node_abi}-{platform}-{arch}/","remote_path":"./v{version}/","package_name":"{module_name}-v{version}-{node_abi}-{platform}-{arch}.tar.gz","host":"https://cdn.npm.taobao.org/dist/fsevents"}
platform unsupported hexo-fs@1.0.2 ? chokidar@2.1.6 ? fsevents@^1.2.7 Package require os(darwin) not compatible with your platform(win32)
[fsevents@^1.2.7] optional install error: Package require os(darwin) not compatible with your platform(win32)
[11/11] hexo-fs@^1.0.2 installed at node_modules\_hexo-fs@1.0.2@hexo-fs
Recently updated (since 2019-06-23): 4 packages (detail see file C:\Users\ASUS\AppData\Roaming\npm\node_modules\hexo-cli\node_modules\.recently_updates.txt)
  2019-06-27
    ¡ú hexo-fs@1.0.2 ? graceful-fs@^4.1.11(4.2.0) (03:39:25)
  2019-06-25
    ¡ú hexo-fs@1.0.2 ? chokidar@2.1.6 ? braces@2.3.2 ? snapdragon@0.8.2 ? base@0.11.2 ? mixin-deep@^1.2.0(1.3.2) (04:33:47)
    ¡ú hexo-fs@1.0.2 ? chokidar@2.1.6 ? braces@2.3.2 ? snapdragon@0.8.2 ? base@0.11.2 ? cache-base@1.0.1 ? union-value@^1.0.0(1.0.1) (05:09:47)
    ¡ú hexo-fs@1.0.2 ? chokidar@2.1.6 ? braces@2.3.2 ? snapdragon@0.8.2 ? base@0.11.2 ? cache-base@1.0.1 ? set-value@^2.0.0(2.0.1) (05:06:17)
All packages installed (161 packages installed from npm registry, used 12s(network 12s), speed 273.41kB/s, json 142(227.32kB), tarball 3.01MB)
[hexo-cli@2.0.0] link C:\Users\ASUS\AppData\Roaming\npm\hexo@ -> C:\Users\ASUS\AppData\Roaming\npm\node_modules\hexo-cli\bin\hexo

C:\Windows\system32>
C:\Windows\system32>
C:\Windows\system32>hexo -v
hexo-cli: 2.0.0
os: Windows_NT 10.0.14393 win32 x64
http_parser: 2.8.0
node: 10.16.0
v8: 6.8.275.32-node.52
uv: 1.28.0
zlib: 1.2.11
brotli: 1.0.7
ares: 1.15.0
modules: 64
nghttp2: 1.34.0
napi: 4
openssl: 1.1.1b
icu: 64.2
unicode: 12.1
cldr: 35.1
tz: 2019a

C:\Windows\system32>
C:\Windows\system32>

C:\Windows\system32>d:

D:\>mkdir blog

D:\>
D:\>
D:\>cd blog/

D:\blog>hexo init
INFO  Cloning hexo-starter https://github.com/hexojs/hexo-starter.git
Cloning into 'D:\blog'...
remote: Enumerating objects: 9, done.
remote: Counting objects: 100% (9/9), done.
remote: Compressing objects: 100% (7/7), done.
remote: Total 77 (delta 4), reused 5 (delta 2), pack-reused 68
Unpacking objects: 100% (77/77), done.
Submodule 'themes/landscape' (https://github.com/hexojs/hexo-theme-landscape.git) registered for path 'themes/landscape'
Cloning into 'D:/blog/themes/landscape'...
remote: Enumerating objects: 33, done.
remote: Counting objects: 100% (33/33), done.
remote: Compressing objects: 100% (29/29), done.
remote: Total 929 (delta 12), reused 12 (delta 3), pack-reused 896
Receiving objects: 100% (929/929), 2.56 MiB | 194.00 KiB/s, done.
Resolving deltas: 100% (492/492), done.
Submodule path 'themes/landscape': checked out '73a23c51f8487cfcd7c6deec96ccc7543960d350'
[32mINFO [39m Install dependencies
npm WARN deprecated core-js@1.2.7: core-js@<2.6.8 is no longer maintained. Please, upgrade to core-js@3 or at least to actual version of core-js@2.
npm notice created a lockfile as package-lock.json. You should commit this file.
npm WARN optional SKIPPING OPTIONAL DEPENDENCY: fsevents@1.2.9 (node_modules\fsevents):
npm WARN notsup SKIPPING OPTIONAL DEPENDENCY: Unsupported platform for fsevents@1.2.9: wanted {"os":"darwin","arch":"any"} (current: {"os":"win32","arch":"x64"})

added 340 packages from 498 contributors and audited 6879 packages in 79.661s
found 0 vulnerabilities

INFO  Start blogging with Hexo!

D:\blog>ls -l
'ls' ²»ÊÇÄÚ²¿»òÍâ²¿ÃüÁî£¬Ò²²»ÊÇ¿ÉÔËÐÐµÄ³ÌÐò
»òÅú´¦ÀíÎÄ¼þ¡£

D:\blog>
D:\blog>
D:\blog>dir
 Çý¶¯Æ÷ D ÖÐµÄ¾íÊÇ OS
 ¾íµÄÐòÁÐºÅÊÇ 70A8-4C2A

 D:\blog µÄÄ¿Â¼

2019/06/30  16:37    <DIR>          .
2019/06/30  16:37    <DIR>          ..
2019/06/30  16:35                71 .gitignore
2019/06/30  16:37    <DIR>          node_modules
2019/06/30  16:37           114,373 package-lock.json
2019/06/30  16:35               462 package.json
2019/06/30  16:35    <DIR>          scaffolds
2019/06/30  16:35    <DIR>          source
2019/06/30  16:35    <DIR>          themes
2019/06/30  16:35             1,846 _config.yml
               4 ¸öÎÄ¼þ        116,752 ×Ö½Ú
               6 ¸öÄ¿Â¼ 186,550,616,064 ¿ÉÓÃ×Ö½Ú

D:\blog>
D:\blog>
D:\blog>hexo s
INFO  Start processing
INFO  Hexo is running at http://localhost:4000 . Press Ctrl+C to stop.
INFO  Have a nice day
ÖÕÖ¹Åú´¦Àí²Ù×÷Âð(Y/N)? n

D:\blog>hexo n "ÎÒµÄµÚÒ»Æª²©¿ÍÎÄÕÂ"
INFO  Created: D:\blog\source\_posts\ÎÒµÄµÚÒ»Æª²©¿ÍÎÄÕÂ.md

D:\blog>cd source/_posts/

D:\blog\source\_posts>dir
 Çý¶¯Æ÷ D ÖÐµÄ¾íÊÇ OS
 ¾íµÄÐòÁÐºÅÊÇ 70A8-4C2A

 D:\blog\source\_posts µÄÄ¿Â¼

2019/06/30  16:43    <DIR>          .
2019/06/30  16:43    <DIR>          ..
2019/06/30  16:35               864 hello-world.md
2019/06/30  16:43                75 ÎÒµÄµÚÒ»Æª²©¿ÍÎÄÕÂ.md
               2 ¸öÎÄ¼þ            939 ×Ö½Ú
               2 ¸öÄ¿Â¼ 186,550,611,968 ¿ÉÓÃ×Ö½Ú

D:\blog\source\_posts>vim ÎÒµÄµÚÒ»Æª²©¿ÍÎÄÕÂ.md
'vim' ²»ÊÇÄÚ²¿»òÍâ²¿ÃüÁî£¬Ò²²»ÊÇ¿ÉÔËÐÐµÄ³ÌÐò
»òÅú´¦ÀíÎÄ¼þ¡£

D:\blog\source\_posts>cd ../..

D:\blog>dir
 Çý¶¯Æ÷ D ÖÐµÄ¾íÊÇ OS
 ¾íµÄÐòÁÐºÅÊÇ 70A8-4C2A

 D:\blog µÄÄ¿Â¼

2019/06/30  16:41    <DIR>          .
2019/06/30  16:41    <DIR>          ..
2019/06/30  16:35                71 .gitignore
2019/06/30  16:43               174 db.json
2019/06/30  16:37    <DIR>          node_modules
2019/06/30  16:37           114,373 package-lock.json
2019/06/30  16:41               447 package.json
2019/06/30  16:35    <DIR>          scaffolds
2019/06/30  16:35    <DIR>          source
2019/06/30  16:35    <DIR>          themes
2019/06/30  16:35             1,846 _config.yml
               5 ¸öÎÄ¼þ        116,911 ×Ö½Ú
               6 ¸öÄ¿Â¼ 186,550,611,968 ¿ÉÓÃ×Ö½Ú

D:\blog>hexo clean
INFO  Deleted database.

D:\blog>hexo g
INFO  Start processing
INFO  Files loaded in 349 ms
INFO  Generated: archives/index.html
INFO  Generated: index.html
INFO  Generated: fancybox/fancybox_loading.gif
INFO  Generated: fancybox/blank.gif
INFO  Generated: fancybox/fancybox_loading@2x.gif
INFO  Generated: fancybox/fancybox_overlay.png
INFO  Generated: fancybox/jquery.fancybox.css
INFO  Generated: fancybox/fancybox_sprite@2x.png
INFO  Generated: fancybox/fancybox_sprite.png
INFO  Generated: archives/2019/06/index.html
INFO  Generated: archives/2019/index.html
INFO  Generated: fancybox/helpers/fancybox_buttons.png
INFO  Generated: css/fonts/fontawesome-webfont.woff
INFO  Generated: css/fonts/FontAwesome.otf
INFO  Generated: fancybox/helpers/jquery.fancybox-thumbs.css
INFO  Generated: fancybox/helpers/jquery.fancybox-buttons.js
INFO  Generated: fancybox/helpers/jquery.fancybox-buttons.css
INFO  Generated: css/fonts/fontawesome-webfont.eot
INFO  Generated: fancybox/helpers/jquery.fancybox-thumbs.js
INFO  Generated: fancybox/jquery.fancybox.pack.js
INFO  Generated: fancybox/helpers/jquery.fancybox-media.js
INFO  Generated: js/script.js
INFO  Generated: css/style.css
INFO  Generated: css/images/banner.jpg
INFO  Generated: css/fonts/fontawesome-webfont.ttf
INFO  Generated: css/fonts/fontawesome-webfont.svg
INFO  Generated: 2019/06/30/hello-world/index.html
INFO  Generated: 2019/06/30/ÎÒµÄµÚÒ»Æª²©¿ÍÎÄÕÂ/index.html
INFO  Generated: fancybox/jquery.fancybox.js
INFO  29 files generated in 1.63 s

D:\blog>hexo s
INFO  Start processing
INFO  Hexo is running at http://localhost:4000 . Press Ctrl+C to stop.
INFO  Good bye
ÖÕÖ¹Åú´¦Àí²Ù×÷Âð(Y/N)? n

D:\blog>
D:\blog>
D:\blog>cnpm install --save hexo-deployer-git
\ [0/1] Installing object-copy@^0.1.0platform unsupported hexo-deployer-git@1.0.0 ? hexo-fs@1.0.2 ? chokidar@2.1.6 ? fsevents@^1.2.7 Package require os(darwin) not compatible with your platform(win32)
[fsevents@^1.2.7] optional install error: Package require os(darwin) not compatible with your platform(win32)
¡Ì Installed 1 packages
¡Ì Linked 155 latest versions
¡Ì Run 0 scripts
peerDependencies WARNING hexo-deployer-git@1.0.0 ? babel-eslint@^10.0.1 requires a peer of eslint@>= 4.12.1 but none was installed
Recently updated (since 2019-06-23): 4 packages (detail see file D:\blog\node_modules\.recently_updates.txt)
¡Ì All packages installed (174 packages installed from npm registry, used 22s(network 22s), speed 168.86kB/s, json 156(295kB), tarball 3.33MB)

D:\blog>
D:\blog>
D:\blog>hexo d
INFO  Deploying: git
INFO  Setting up Git deployment...
Initialized empty Git repository in D:/blog/.deploy_git/.git/
[master (root-commit) 930e0ce] First commit
 1 file changed, 0 insertions(+), 0 deletions(-)
 create mode 100644 placeholder
INFO  Clearing .deploy_git folder...
INFO  Copying files from public folder...
INFO  Copying files from extend dirs...
warning: LF will be replaced by CRLF in 2019/06/30/hello-world/index.html.
The file will have its original line endings in your working directory
warning: LF will be replaced by CRLF in 2019/06/30/ÎÒµÄµÚÒ»Æª²©¿ÍÎÄÕÂ/index.html.
The file will have its original line endings in your working directory
warning: LF will be replaced by CRLF in archives/2019/06/index.html.
The file will have its original line endings in your working directory
warning: LF will be replaced by CRLF in archives/2019/index.html.
The file will have its original line endings in your working directory
warning: LF will be replaced by CRLF in archives/index.html.
The file will have its original line endings in your working directory
warning: LF will be replaced by CRLF in css/style.css.
The file will have its original line endings in your working directory
warning: LF will be replaced by CRLF in fancybox/helpers/jquery.fancybox-buttons.css.
The file will have its original line endings in your working directory
warning: LF will be replaced by CRLF in fancybox/helpers/jquery.fancybox-buttons.js.
The file will have its original line endings in your working directory
warning: LF will be replaced by CRLF in fancybox/helpers/jquery.fancybox-media.js.
The file will have its original line endings in your working directory
warning: LF will be replaced by CRLF in fancybox/helpers/jquery.fancybox-thumbs.css.
The file will have its original line endings in your working directory
warning: LF will be replaced by CRLF in fancybox/helpers/jquery.fancybox-thumbs.js.
The file will have its original line endings in your working directory
warning: LF will be replaced by CRLF in fancybox/jquery.fancybox.css.
The file will have its original line endings in your working directory
warning: LF will be replaced by CRLF in fancybox/jquery.fancybox.js.
The file will have its original line endings in your working directory
warning: LF will be replaced by CRLF in fancybox/jquery.fancybox.pack.js.
The file will have its original line endings in your working directory
warning: LF will be replaced by CRLF in index.html.
The file will have its original line endings in your working directory
warning: LF will be replaced by CRLF in js/script.js.
The file will have its original line endings in your working directory
[master 80fa535] Site updated: 2019-06-30 16:58:44
 30 files changed, 6113 insertions(+)
 create mode 100644 2019/06/30/hello-world/index.html
 create mode 100644 "2019/06/30/\346\210\221\347\232\204\347\254\254\344\270\200\347\257\207\345\215\232\345\256\242\346\226\207\347\253\240/index.html"
 create mode 100644 archives/2019/06/index.html
 create mode 100644 archives/2019/index.html
 create mode 100644 archives/index.html
 create mode 100644 css/fonts/FontAwesome.otf
 create mode 100644 css/fonts/fontawesome-webfont.eot
 create mode 100644 css/fonts/fontawesome-webfont.svg
 create mode 100644 css/fonts/fontawesome-webfont.ttf
 create mode 100644 css/fonts/fontawesome-webfont.woff
 create mode 100644 css/images/banner.jpg
 create mode 100644 css/style.css
 create mode 100644 fancybox/blank.gif
 create mode 100644 fancybox/fancybox_loading.gif
 create mode 100644 fancybox/fancybox_loading@2x.gif
 create mode 100644 fancybox/fancybox_overlay.png
 create mode 100644 fancybox/fancybox_sprite.png
 create mode 100644 fancybox/fancybox_sprite@2x.png
 create mode 100644 fancybox/helpers/fancybox_buttons.png
 create mode 100644 fancybox/helpers/jquery.fancybox-buttons.css
 create mode 100644 fancybox/helpers/jquery.fancybox-buttons.js
 create mode 100644 fancybox/helpers/jquery.fancybox-media.js
 create mode 100644 fancybox/helpers/jquery.fancybox-thumbs.css
 create mode 100644 fancybox/helpers/jquery.fancybox-thumbs.js
 create mode 100644 fancybox/jquery.fancybox.css
 create mode 100644 fancybox/jquery.fancybox.js
 create mode 100644 fancybox/jquery.fancybox.pack.js
 create mode 100644 index.html
 create mode 100644 js/script.js
 delete mode 100644 placeholder
Enumerating objects: 48, done.
Counting objects: 100% (48/48), done.
Delta compression using up to 4 threads
Compressing objects: 100% (38/38), done.
Writing objects: 100% (48/48), 507.71 KiB | 7.69 MiB/s, done.
Total 48 (delta 5), reused 0 (delta 0)
remote: Resolving deltas: 100% (5/5), done.
To https://github.com/Michaelplay/Michaelplay.github.io.git
 * [new branch]      HEAD -> master
Branch 'master' set up to track remote branch 'master' from 'https://github.com/Michaelplay/Michaelplay.github.io.git'.
[32mINFO [39m Deploy done: [35mgit[39m

D:\blog>hexo d
INFO  Deploying: git
INFO  Clearing .deploy_git folder...
INFO  Copying files from public folder...
INFO  Copying files from extend dirs...
warning: LF will be replaced by CRLF in 2019/06/30/hello-world/index.html.
The file will have its original line endings in your working directory
warning: LF will be replaced by CRLF in 2019/06/30/ÎÒµÄµÚÒ»Æª²©¿ÍÎÄÕÂ/index.html.
The file will have its original line endings in your working directory
warning: LF will be replaced by CRLF in archives/2019/06/index.html.
The file will have its original line endings in your working directory
warning: LF will be replaced by CRLF in archives/2019/index.html.
The file will have its original line endings in your working directory
warning: LF will be replaced by CRLF in archives/index.html.
The file will have its original line endings in your working directory
warning: LF will be replaced by CRLF in css/style.css.
The file will have its original line endings in your working directory
warning: LF will be replaced by CRLF in fancybox/helpers/jquery.fancybox-buttons.css.
The file will have its original line endings in your working directory
warning: LF will be replaced by CRLF in fancybox/helpers/jquery.fancybox-buttons.js.
The file will have its original line endings in your working directory
warning: LF will be replaced by CRLF in fancybox/helpers/jquery.fancybox-media.js.
The file will have its original line endings in your working directory
warning: LF will be replaced by CRLF in fancybox/helpers/jquery.fancybox-thumbs.css.
The file will have its original line endings in your working directory
warning: LF will be replaced by CRLF in fancybox/helpers/jquery.fancybox-thumbs.js.
The file will have its original line endings in your working directory
warning: LF will be replaced by CRLF in fancybox/jquery.fancybox.css.
The file will have its original line endings in your working directory
warning: LF will be replaced by CRLF in fancybox/jquery.fancybox.js.
The file will have its original line endings in your working directory
warning: LF will be replaced by CRLF in fancybox/jquery.fancybox.pack.js.
The file will have its original line endings in your working directory
warning: LF will be replaced by CRLF in js/script.js.
The file will have its original line endings in your working directory
On branch master
nothing to commit, working tree clean
INFO  Farewell
FATAL Something's wrong. Maybe you can find the solution here: https://hexo.io/docs/troubleshooting.html
Error: Spawn failed
    at ChildProcess.<anonymous> (D:\blog\node_modules\_hexo-util@0.6.3@hexo-util\lib\spawn.js:52:19)
    at ChildProcess.emit (events.js:198:13)
    at ChildProcess.cp.emit (D:\blog\node_modules\_cross-spawn@4.0.2@cross-spawn\lib\enoent.js:40:29)
    at Process.ChildProcess._handle.onexit (internal/child_process.js:248:12)
ÖÕÖ¹Åú´¦Àí²Ù×÷Âð(Y/N)? n

D:\blog>git push origin --delete weiyueqiang.github.io
fatal: not a git repository (or any of the parent directories): .git

D:\blog>hexo d
INFO  Deploying: git
INFO  Clearing .deploy_git folder...
INFO  Copying files from public folder...
INFO  Copying files from extend dirs...
warning: LF will be replaced by CRLF in 2019/06/30/hello-world/index.html.
The file will have its original line endings in your working directory
warning: LF will be replaced by CRLF in 2019/06/30/ÎÒµÄµÚÒ»Æª²©¿ÍÎÄÕÂ/index.html.
The file will have its original line endings in your working directory
warning: LF will be replaced by CRLF in archives/2019/06/index.html.
The file will have its original line endings in your working directory
warning: LF will be replaced by CRLF in archives/2019/index.html.
The file will have its original line endings in your working directory
warning: LF will be replaced by CRLF in archives/index.html.
The file will have its original line endings in your working directory
warning: LF will be replaced by CRLF in css/style.css.
The file will have its original line endings in your working directory
warning: LF will be replaced by CRLF in fancybox/helpers/jquery.fancybox-buttons.css.
The file will have its original line endings in your working directory
warning: LF will be replaced by CRLF in fancybox/helpers/jquery.fancybox-buttons.js.
The file will have its original line endings in your working directory
warning: LF will be replaced by CRLF in fancybox/helpers/jquery.fancybox-media.js.
The file will have its original line endings in your working directory
warning: LF will be replaced by CRLF in fancybox/helpers/jquery.fancybox-thumbs.css.
The file will have its original line endings in your working directory
warning: LF will be replaced by CRLF in fancybox/helpers/jquery.fancybox-thumbs.js.
The file will have its original line endings in your working directory
warning: LF will be replaced by CRLF in fancybox/jquery.fancybox.css.
The file will have its original line endings in your working directory
warning: LF will be replaced by CRLF in fancybox/jquery.fancybox.js.
The file will have its original line endings in your working directory
warning: LF will be replaced by CRLF in fancybox/jquery.fancybox.pack.js.
The file will have its original line endings in your working directory
warning: LF will be replaced by CRLF in js/script.js.
The file will have its original line endings in your working directory
On branch master
nothing to commit, working tree clean
INFO  Have a nice day
ÖÕÖ¹Åú´¦Àí²Ù×÷Âð(Y/N)? n

D:\blog>hexo g
INFO  Start processing
INFO  Files loaded in 2.88 s
INFO  Generated: archives/2019/index.html
INFO  Generated: archives/index.html
INFO  Generated: 2019/06/30/ÎÒµÄµÚÒ»Æª²©¿ÍÎÄÕÂ/index.html
INFO  Generated: 2019/06/30/hello-world/index.html
INFO  Generated: archives/2019/06/index.html
INFO  Generated: fancybox/blank.gif
INFO  Generated: fancybox/fancybox_loading.gif
INFO  Generated: fancybox/fancybox_sprite.png
INFO  Generated: fancybox/fancybox_overlay.png
INFO  Generated: fancybox/fancybox_sprite@2x.png
INFO  Generated: fancybox/fancybox_loading@2x.gif
INFO  Generated: fancybox/helpers/fancybox_buttons.png
INFO  Generated: index.html
INFO  Generated: css/fonts/FontAwesome.otf
INFO  Generated: css/fonts/fontawesome-webfont.woff
INFO  Generated: css/fonts/fontawesome-webfont.ttf
INFO  Generated: js/script.js
INFO  Generated: fancybox/helpers/jquery.fancybox-buttons.css
INFO  Generated: fancybox/jquery.fancybox.css
INFO  Generated: fancybox/helpers/jquery.fancybox-buttons.js
INFO  Generated: fancybox/helpers/jquery.fancybox-media.js
INFO  Generated: fancybox/helpers/jquery.fancybox-thumbs.css
INFO  Generated: fancybox/helpers/jquery.fancybox-thumbs.js
INFO  Generated: css/fonts/fontawesome-webfont.eot
INFO  Generated: css/style.css
INFO  Generated: css/images/banner.jpg
INFO  Generated: css/fonts/fontawesome-webfont.svg
INFO  Generated: fancybox/jquery.fancybox.pack.js
INFO  Generated: fancybox/jquery.fancybox.js
INFO  29 files generated in 1.78 s

D:\blog>hexo d
INFO  Deploying: git
INFO  Clearing .deploy_git folder...
INFO  Copying files from public folder...
INFO  Copying files from extend dirs...
warning: LF will be replaced by CRLF in 2019/06/30/hello-world/index.html.
The file will have its original line endings in your working directory
warning: LF will be replaced by CRLF in 2019/06/30/ÎÒµÄµÚÒ»Æª²©¿ÍÎÄÕÂ/index.html.
The file will have its original line endings in your working directory
warning: LF will be replaced by CRLF in archives/2019/06/index.html.
The file will have its original line endings in your working directory
warning: LF will be replaced by CRLF in archives/2019/index.html.
The file will have its original line endings in your working directory
warning: LF will be replaced by CRLF in archives/index.html.
The file will have its original line endings in your working directory
warning: LF will be replaced by CRLF in css/style.css.
The file will have its original line endings in your working directory
warning: LF will be replaced by CRLF in fancybox/helpers/jquery.fancybox-buttons.css.
The file will have its original line endings in your working directory
warning: LF will be replaced by CRLF in fancybox/helpers/jquery.fancybox-buttons.js.
The file will have its original line endings in your working directory
warning: LF will be replaced by CRLF in fancybox/helpers/jquery.fancybox-media.js.
The file will have its original line endings in your working directory
warning: LF will be replaced by CRLF in fancybox/helpers/jquery.fancybox-thumbs.css.
The file will have its original line endings in your working directory
warning: LF will be replaced by CRLF in fancybox/helpers/jquery.fancybox-thumbs.js.
The file will have its original line endings in your working directory
warning: LF will be replaced by CRLF in fancybox/jquery.fancybox.css.
The file will have its original line endings in your working directory
warning: LF will be replaced by CRLF in fancybox/jquery.fancybox.js.
The file will have its original line endings in your working directory
warning: LF will be replaced by CRLF in fancybox/jquery.fancybox.pack.js.
The file will have its original line endings in your working directory
warning: LF will be replaced by CRLF in index.html.
The file will have its original line endings in your working directory
warning: LF will be replaced by CRLF in js/script.js.
The file will have its original line endings in your working directory
[master b72692e] Site updated: 2019-06-30 22:39:25
 3 files changed, 4 insertions(+), 4 deletions(-)
Enumerating objects: 58, done.
Counting objects: 100% (58/58), done.
Delta compression using up to 4 threads
Compressing objects: 100% (44/44), done.
Writing objects: 100% (58/58), 508.51 KiB | 6.97 MiB/s, done.
Total 58 (delta 8), reused 0 (delta 0)
remote: Resolving deltas: 100% (8/8), done.
To https://github.com/weiyueqiang/weiyueqiang.github.io.git
 * [new branch]      HEAD -> master
Branch 'master' set up to track remote branch 'master' from 'https://github.com/weiyueqiang/weiyueqiang.github.io.git'.
[32mINFO [39m Deploy done: [35mgit[39m

D:\blog>